Script started on 2019-11-22 17:22:09-0500
]0;altair@DESKTOP-NKLLIKL: /mnt/c/Users/youha/Desktop/csc209/liyouhai/lab10[01;32maltair@DESKTOP-NKLLIKL[00m:[01;34m/mnt/c/Users/youha/Desktop/csc209/liyouhai/lab10[00m$ gdb  bufserver
GNU gdb (Ubuntu 8.1-0ubuntu3) 8.1.0.20180409-git
Copyright (C) 2018 Free Software Foundation, Inc.
License GPLv3+: GNU GPL version 3 or later <http://gnu.org/licenses/gpl.html>
This is free software: you are free to change and redistribute it.
There is NO WARRANTY, to the extent permitted by law.  Type "show copying"
and "show warranty" for details.
This GDB was configured as "x86_64-linux-gnu".
Type "show configuration" for configuration details.
For bug reporting instructions, please see:
<http://www.gnu.org/software/gdb/bugs/>.
Find the GDB manual and other documentation resources online at:
<http://www.gnu.org/software/gdb/documentation/>.
For help, type "help".
Type "apropos word" to search for commands related to "word"...
Reading symbols from bufserver...done.
(gdb) b mi[Kain
Breakpoint 1 at 0xce2: file bufserver.c, line 18.
(gdb) n
The program is not being run.
(gdb) run
Starting program: /mnt/c/Users/youha/Desktop/csc209/liyouhai/lab10/bufserver 

Breakpoint 1, main () at bufserver.c:18
18	int main() {
(gdb) n
21	    setbuf(stdout, NULL);
(gdb) n
23	    struct sockaddr_in *self = init_server_addr(PORT);
(gdb) n
24	    int listenfd = set_up_server_socket(self, 5);
(gdb) n
27	        int fd = accept_connection(listenfd);
(gdb) n
Waiting for a new connection...
New connection accepted from 127.0.0.1:55997
28	        if (fd < 0) {
(gdb) n
33	        char buf[BUFSIZE] = {'\0'};
(gdb) n
34	        int inbuf = 0;           // How many bytes currently in buffer?
(gdb) n
35	        int room = sizeof(buf);  // How many bytes remaining in buffer?
(gdb) n
36	        char *after = buf;       // Pointer to position after the data in buf
(gdb) n
39	        while ((nbytes = read(fd, after, room)) > 0) {
(gdb) n
41	            inbuf += nbytes;
(gdb) n
52	            while ((where = find_network_newline(buf, inbuf)) > 0) {
(gdb) n
58	                buf[where - 2] = '\0';
(gdb) n
60	                printf("Next message: %s\n", buf);
(gdb) n
Next message: A stitch in time
70	                inbuf -= where;
(gdb) n
71	                memmove(buf, &(buf[where]), inbuf);
(gdb) n
52	            while ((where = find_network_newline(buf, inbuf)) > 0) {
(gdb) n
75	            after = &(buf[inbuf]);
(gdb) n
76	            room = sizeof(buf) - inbuf;
(gdb) n
39	        while ((nbytes = read(fd, after, room)) > 0) {
(gdb) n
41	            inbuf += nbytes;
(gdb) n
52	            while ((where = find_network_newline(buf, inbuf)) > 0) {
(gdb) n
58	                buf[where - 2] = '\0';
(gdb) n
60	                printf("Next message: %s\n", buf);
(gdb) n
Next message: A stitch in time
70	                inbuf -= where;
(gdb) n
71	                memmove(buf, &(buf[where]), inbuf);
(gdb) n
52	            while ((where = find_network_newline(buf, inbuf)) > 0) {
(gdb) n
75	            after = &(buf[inbuf]);
(gdb) n
76	            room = sizeof(buf) - inbuf;
(gdb) n
39	        while ((nbytes = read(fd, after, room)) > 0) {
(gdb) n
41	            inbuf += nbytes;
(gdb) p()&)b)u)f)
$1 = (char (*)[30]) 0x7ffffffedfc0
(gdb) p(&buf)[1Pf)[1Pf)[1Pf)if)nf)bf)uf)
$2 = 12
(gdb) n
52	            while ((where = find_network_newline(buf, inbuf)) > 0) {
(gdb) n
58	                buf[where - 2] = '\0';
(gdb) n
60	                printf("Next message: %s\n", buf);
(gdb) n
Next message: A stitch in time
70	                inbuf -= where;
(gdb) n
71	                memmove(buf, &(buf[where]), inbuf);
(gdb) n
52	            while ((where = find_network_newline(buf, inbuf)) > 0) {
(gdb) n
75	            after = &(buf[inbuf]);
(gdb) n
76	            room = sizeof(buf) - inbuf;
(gdb) n
39	        while ((nbytes = read(fd, after, room)) > 0) {
(gdb) n
41	            inbuf += nbytes;
(gdb) n
52	            while ((where = find_network_newline(buf, inbuf)) > 0) {
(gdb) n
58	                buf[where - 2] = '\0';
(gdb) n
60	                printf("Next message: %s\n", buf);
(gdb) n
Next message: A stitch in time
70	                inbuf -= where;
(gdb) n
71	                memmove(buf, &(buf[where]), inbuf);
(gdb) n
52	            while ((where = find_network_newline(buf, inbuf)) > 0) {
(gdb) n
75	            after = &(buf[inbuf]);
(gdb) n
76	            room = sizeof(buf) - inbuf;
(gdb) n
39	        while ((nbytes = read(fd, after, room)) > 0) {
(gdb) n
41	            inbuf += nbytes;
(gdb) n
52	            while ((where = find_network_newline(buf, inbuf)) > 0) {
(gdb) n
58	                buf[where - 2] = '\0';
(gdb) n
60	                printf("Next message: %s\n", buf);
(gdb) n
Next message: A stitch in time
70	                inbuf -= where;
(gdb) n
71	                memmove(buf, &(buf[where]), inbuf);
(gdb) n
52	            while ((where = find_network_newline(buf, inbuf)) > 0) {
(gdb) n
75	            after = &(buf[inbuf]);
(gdb) n
76	            room = sizeof(buf) - inbuf;
(gdb) n
39	        while ((nbytes = read(fd, after, room)) > 0) {
(gdb) n[Kp()&)b)u)f)
$3 = (char (*)[30]) 0x7ffffffedfc0
(gdb) p(&buf)ibuf)nbuf)
$4 = (int *) 0x7ffffffedf98
(gdb) n
79	        close(fd);
(gdb) n
27	        int fd = accept_connection(listenfd);
(gdb) n
Waiting for a new connection...
n
n
New connection accepted from 127.0.0.1:56011
28	        if (fd < 0) {
(gdb) n
33	        char buf[BUFSIZE] = {'\0'};
(gdb) n
34	        int inbuf = 0;           // How many bytes currently in buffer?
(gdb) n
35	        int room = sizeof(buf);  // How many bytes remaining in buffer?
(gdb) n
36	        char *after = buf;       // Pointer to position after the data in buf
(gdb) n
39	        while ((nbytes = read(fd, after, room)) > 0) {
(gdb) n
41	            inbuf += nbytes;
(gdb) n
52	            while ((where = find_network_newline(buf, inbuf)) > 0) {
(gdb) n
58	                buf[where - 2] = '\0';
(gdb) n
60	                printf("Next message: %s\n", buf);
(gdb) n
Next message: A stitch in time
70	                inbuf -= where;
(gdb) n
71	                memmove(buf, &(buf[where]), inbuf);
(gdb) n
52	            while ((where = find_network_newline(buf, inbuf)) > 0) {
(gdb) n
75	            after = &(buf[inbuf]);
(gdb) n
76	            room = sizeof(buf) - inbuf;
(gdb) n
39	        while ((nbytes = read(fd, after, room)) > 0) {
(gdb) n
41	            inbuf += nbytes;
(gdb) n
52	            while ((where = find_network_newline(buf, inbuf)) > 0) {
(gdb) 
58	                buf[where - 2] = '\0';
(gdb) n
60	                printf("Next message: %s\n", buf);
(gdb) n
Next message: A stitch in time
70	                inbuf -= where;
(gdb) n
71	                memmove(buf, &(buf[where]), inbuf);
(gdb) n
52	            while ((where = find_network_newline(buf, inbuf)) > 0) {
(gdb) n
75	            after = &(buf[inbuf]);
(gdb) n
76	            room = sizeof(buf) - inbuf;
(gdb) n
39	        while ((nbytes = read(fd, after, room)) > 0) {
(gdb) n
41	            inbuf += nbytes;
(gdb) n
52	            while ((where = find_network_newline(buf, inbuf)) > 0) {
(gdb) n
58	                buf[where - 2] = '\0';
(gdb) n
60	                printf("Next message: %s\n", buf);
(gdb) n
Next message: A stitch in time
70	                inbuf -= where;
(gdb) n
71	                memmove(buf, &(buf[where]), inbuf);
(gdb) n
52	            while ((where = find_network_newline(buf, inbuf)) > 0) {
(gdb) n
75	            after = &(buf[inbuf]);
(gdb) n
76	            room = sizeof(buf) - inbuf;
(gdb) n
39	        while ((nbytes = read(fd, after, room)) > 0) {
(gdb) n
41	            inbuf += nbytes;
(gdb) 
52	            while ((where = find_network_newline(buf, inbuf)) > 0) {
(gdb) n
58	                buf[where - 2] = '\0';
(gdb) n
60	                printf("Next message: %s\n", buf);
(gdb) n
Next message: A stitch in time
70	                inbuf -= where;
(gdb) n
71	                memmove(buf, &(buf[where]), inbuf);
(gdb) n
52	            while ((where = find_network_newline(buf, inbuf)) > 0) {
(gdb) n
75	            after = &(buf[inbuf]);
(gdb) n
76	            room = sizeof(buf) - inbuf;
(gdb) n
39	        while ((nbytes = read(fd, after, room)) > 0) {
(gdb) n
41	            inbuf += nbytes;
(gdb) n
52	            while ((where = find_network_newline(buf, inbuf)) > 0) {
(gdb) 
58	                buf[where - 2] = '\0';
(gdb) n
60	                printf("Next message: %s\n", buf);
(gdb) nn
Undefined command: "nn".  Try "help".
(gdb) n
Next message: A stitch in time
70	                inbuf -= where;
(gdb) n
71	                memmove(buf, &(buf[where]), inbuf);
(gdb) n
52	            while ((where = find_network_newline(buf, inbuf)) > 0) {
(gdb) n
75	            after = &(buf[inbuf]);
(gdb) n
76	            room = sizeof(buf) - inbuf;
(gdb) n
39	        while ((nbytes = read(fd, after, room)) > 0) {
(gdb) n
n
q
y
^C
Program received signal SIGINT, Interrupt.
0x00007fffff110081 in __GI___libc_read (fd=4, buf=0x7ffffffedfc0, 
    nbytes=30) at ../sysdeps/unix/sysv/linux/read.c:27
27	../sysdeps/unix/sysv/linux/read.c: No such file or directory.
(gdb) q
A debugging session is active.

	Inferior 1 [process 75] will be killed.

Quit anyway? (y or n) y
]0;altair@DESKTOP-NKLLIKL: /mnt/c/Users/youha/Desktop/csc209/liyouhai/lab10[01;32maltair@DESKTOP-NKLLIKL[00m:[01;34m/mnt/c/Users/youha/Desktop/csc209/liyouhai/lab10[00m$ exi t
exit

Script done on 2019-11-22 17:25:36-0500
